0: 9
1: 3(9)46 4(9)86 7(9)2
2: 0(3)42 5(7)49 8(4)11
3: 1(5)77 6(0)91
4: 2(1)61
weight: 465
