0: 27
1: 8(27)8 39(27)61
2: 2(39)18 31(39)16 47(8)28
3: 28(31)3 33(31)14 35(2)6
4: 5(33)9 41(28)56 49(28)16 59(35)29
5: 9(49)4 11(49)72 44(49)5 57(5)23
6: 7(57)30 12(44)2 26(9)1 34(9)65 36(44)3 43(57)19 58(9)2 62(57)36 63(44)16
7: 0(58)0 14(43)16 24(63)34 46(63)12 48(58)4 51(26)19 52(43)13 53(12)31 55(63)0 56(26)58
8: 15(0)4 19(46)7 20(48)34 23(0)17 25(48)36 30(53)16 32(53)7 45(52)12 50(46)9 54(51)27 61(46)40
9: 1(50)35 3(15)9 10(25)17 13(32)8 17(25)50 18(61)4 21(20)27 38(32)46 42(20)42
10: 4(38)68 6(21)16 22(3)21
11: 16(22)5 40(22)20
12: 29(16)70 37(40)2 60(16)76
weight: 1454
