0: 98
1: 96(98)17
2: 2(96)19
3: 29(2)6 50(2)9 81(2)0 112(2)6
4: 19(50)22 27(29)17 31(112)5 34(29)14 45(81)6 68(29)1 80(50)1
5: 11(45)20 35(45)1 44(80)10 82(68)8 101(68)0 105(45)5 113(68)0 125(27)13
6: 15(101)10 22(113)3 23(113)12 51(35)1 52(11)18 69(113)7 71(105)23 92(44)2 94(35)9
7: 25(92)9 28(92)9 30(69)3 39(51)9 75(22)2 90(51)9 122(51)29
8: 47(28)1 54(25)9 62(39)11 72(30)11 88(75)11 97(75)14 108(75)1 114(75)7
9: 37(108)11 41(47)1 53(88)12 76(62)3 85(114)0 99(114)3 100(54)14 104(62)10 107(72)8 115(54)13 116(62)18
10: 0(100)7 9(53)2 20(85)6 38(104)7 60(37)12 70(76)2 79(76)10 83(99)4 106(99)2 111(99)6 119(107)23
11: 12(79)15 36(20)1 58(79)13 63(20)1 73(9)22 86(9)12 87(111)7 109(83)1 110(38)0 121(60)24 127(0)1
12: 3(63)12 6(127)1 61(109)12 102(87)6 124(109)7
13: 1(61)21 14(102)1 32(6)3 48(124)8
14: 42(48)3 65(14)9 74(14)0 120(32)18
15: 5(65)5 10(74)10 43(42)12 46(65)14 77(42)32 91(74)10 93(42)1 123(42)4
16: 18(93)20 21(10)13 33(91)1 56(5)1 64(5)8 78(46)10 126(10)9
17: 13(21)11 26(64)6 57(64)47 67(126)16 103(56)9 117(126)13
18: 4(103)5 8(117)7 40(117)11 55(67)16 89(67)8 95(67)10
19: 7(40)11 59(40)0 118(55)18
20: 17(59)3 49(118)6
21: 16(17)10 24(49)30 84(49)4
22: 66(24)3
weight: 1166
