0: 185
1: 135(185)8 217(185)3
2: 30(135)10 117(217)23
3: 37(30)1 60(30)7 173(30)1 213(30)0
4: 11(173)3 35(173)7 43(60)3 44(60)1 161(213)5 190(173)9 199(173)1 224(213)2 233(173)4
5: 5(44)12 9(35)6 13(199)0 31(161)6 54(44)13 84(44)10 129(190)1 187(161)1 206(161)7 232(233)0
6: 8(9)1 12(187)2 50(232)3 138(13)0 149(31)5 176(9)5 183(129)17 192(232)7 221(13)9
7: 39(183)3 59(50)2 215(50)11 226(12)2 251(50)5
8: 19(226)3 67(251)2 75(251)2 82(251)4 85(251)0 125(59)1 141(59)12 145(59)8 204(226)2 205(226)10 243(251)4 247(226)4 253(226)12
9: 16(247)6 28(82)2 32(19)0 42(75)12 64(19)3 71(75)14 91(247)7 95(125)3 110(19)0 140(67)21 186(243)6 238(67)3 248(19)14
10: 17(28)3 21(238)2 33(186)2 62(186)4 73(186)4 87(16)1 109(186)8 137(95)4 143(186)4 154(186)2 160(238)5 162(16)0 225(28)3 237(16)9 244(186)8
11: 15(143)8 40(154)8 51(109)11 53(17)5 65(21)9 102(244)3 107(225)12 123(225)3 124(143)2 155(154)30 159(17)1 168(21)6 184(21)6 197(237)10 201(62)6 212(21)2 216(160)5 235(162)6 250(160)10
12: 24(124)1 41(15)5 45(235)7 58(159)1 69(212)1 76(168)6 100(168)11 103(168)11 105(184)13 106(51)8 111(159)4 114(159)5 128(184)3 148(53)5 163(201)0 172(201)8 180(15)5 181(250)11 193(124)0 207(201)2 211(212)1 242(197)3
13: 3(45)6 6(103)12 22(58)3 47(163)0 61(172)0 68(76)7 113(24)10 120(76)0 126(111)6 134(24)7 139(41)7 152(114)1 156(106)14 214(148)0 220(163)0 222(163)0 239(111)7 240(76)0
14: 10(126)0 14(240)6 25(68)22 48(214)2 52(239)7 63(22)3 79(134)5 93(139)0 118(120)2 122(240)2 127(220)2 132(240)22 144(222)1 165(220)10 170(61)2 179(61)2 200(68)1 227(240)4
15: 46(122)3 86(179)7 94(127)8 97(79)0 104(144)6 112(14)0 116(63)4 171(127)4 175(227)11 198(10)1 203(227)9 208(14)7 209(79)4 223(200)2 228(179)3 229(79)13 230(227)6 236(10)9
16: 4(171)3 7(97)12 29(175)4 34(171)1 36(209)0 89(104)29 115(171)1 131(223)2 146(46)0 157(236)5 167(223)2 191(209)2 210(223)8 231(223)6 255(229)7
17: 18(4)2 20(29)4 23(131)0 55(115)6 72(4)14 80(4)3 92(4)7 98(131)7 99(191)5 108(231)0 130(210)2 142(191)8 164(167)12 188(191)0 196(36)16 218(157)5 254(34)0
18: 26(23)26 27(164)2 49(18)1 66(98)6 74(99)1 77(108)4 78(98)9 81(80)9 83(188)7 121(23)10 133(20)2 147(188)2 169(99)9 182(20)8 195(55)7 219(130)7 234(23)6 249(254)6
19: 1(147)6 88(27)7 90(66)5 101(77)7 136(234)5 150(182)6 153(66)6 174(49)17 189(66)6
20: 38(90)3 56(88)7 57(1)10 151(101)3 177(101)2 194(101)7
21: 0(194)8 2(194)15 70(151)0 202(151)6
22: 241(0)5 246(202)4
23: 245(241)5 252(246)0
24: 158(252)8
25: 119(158)3 178(158)4
26: 96(178)10
27: 166(96)15
weight: 1429
