0: 384
1: 189(384)0
2: 551(189)1 890(189)1 978(189)4
3: 3(890)0 183(890)1 703(551)2
4: 310(703)1 341(3)1 557(3)6 590(183)2 816(3)0 866(703)1
5: 63(341)1 80(310)2 417(590)0 452(590)1 519(341)4 780(590)1 809(310)1 915(310)0 934(590)1 1013(310)2
6: 225(915)2 230(1013)0 297(809)1 307(780)4 450(80)1 550(915)0 712(452)6 827(80)0 886(809)1
7: 76(297)0 94(450)1 112(550)2 175(886)0 215(886)1 368(230)1 572(225)2 575(827)1 659(550)0 757(550)4 888(827)1 995(307)1
8: 22(94)0 100(76)0 110(757)0 133(94)1 199(215)4 214(575)2 349(175)0 415(76)4 449(888)0 514(175)1 656(368)0 774(215)3 830(76)1 922(888)0 933(94)2 956(175)0
9: 5(449)1 14(22)3 52(514)2 198(514)6 204(133)1 209(956)1 309(349)2 370(514)0 386(415)4 464(922)1 489(133)7 547(449)1 597(22)1 639(214)0 698(449)0 741(933)1 776(349)1 777(449)3 823(199)1
10: 0(204)1 38(464)0 42(370)1 260(698)5 268(198)3 287(370)1 296(464)2 347(204)2 405(698)1 428(370)1 433(776)2 436(209)1 441(204)1 554(597)0 562(464)0 565(639)1 673(464)1 675(464)1 733(209)2 846(597)0 876(5)1 928(209)2 984(698)2
11: 88(846)2 142(260)6 144(296)4 150(42)0 171(433)0 182(675)1 212(441)0 266(675)5 274(733)0 282(287)1 283(554)2 318(433)0 335(405)0 389(673)0 391(347)7 400(42)2 419(287)1 446(562)4 454(554)1 461(565)6 498(428)0 536(928)0 647(673)1 688(268)4 689(287)0 690(565)0 773(436)1 795(436)2 801(38)0 826(38)0 840(42)0 885(38)0 947(675)0 949(673)1 985(441)0
12: 4(389)3 8(335)2 92(773)0 127(689)1 146(144)2 161(801)1 201(985)2 208(171)4 300(689)2 325(389)0 431(454)2 448(885)8 465(454)1 474(949)0 497(801)0 534(885)0 544(498)2 571(419)5 600(171)0 638(689)1 660(949)0 691(88)0 696(949)3 719(689)0 744(419)1 755(840)2 803(498)4 820(283)1 908(773)1 937(282)0 1014(801)0 1016(419)0
13: 17(638)1 28(127)1 29(161)1 59(908)0 66(937)3 72(92)1 87(474)1 138(497)1 190(638)1 288(465)0 290(696)0 303(1014)0 356(1014)1 357(1014)1 361(600)1 382(92)2 412(497)1 427(325)2 443(544)2 466(600)0 493(474)0 501(474)2 505(325)3 512(820)0 513(660)1 517(660)4 538(908)1 641(465)1 646(660)1 654(1016)0 666(1016)0 672(544)2 684(600)1 710(534)1 720(497)0 754(474)1 796(8)1 841(719)8 942(201)0
14: 19(754)1 21(361)0 115(356)0 124(796)0 155(666)3 163(720)3 180(710)4 193(72)2 207(666)1 213(796)2 227(720)0 267(357)0 292(710)1 302(754)1 324(190)1 360(672)2 372(538)4 375(710)2 401(427)2 420(356)3 425(361)1 444(87)1 451(654)2 483(382)2 516(138)1 521(288)1 526(28)0 529(66)4 546(720)1 629(501)3 648(427)0 653(427)0 678(17)2 682(654)0 687(641)3 839(87)3 851(87)1 859(66)2 867(654)1 913(87)2 994(493)3 1009(361)3
15: 10(124)0 18(193)3 149(21)1 168(867)0 177(516)2 205(207)8 210(444)10 259(653)0 263(193)1 299(292)0 330(227)0 334(521)0 345(526)0 346(213)1 397(360)2 404(994)0 435(444)1 475(302)3 507(516)5 515(207)3 533(207)1 541(213)1 570(682)2 580(483)2 608(851)7 636(859)0 643(155)1 679(521)2 683(648)1 701(163)1 749(375)2 805(521)0 822(1009)3 871(115)3 878(521)0 882(267)0 903(516)0 946(687)2 950(521)1 960(360)1 996(521)0 997(213)4 1012(193)0 1015(444)0
16: 34(346)1 62(334)1 75(541)0 103(10)0 117(903)0 143(679)7 235(882)0 272(10)0 316(950)1 350(330)3 422(345)1 424(636)2 478(10)0 479(475)0 510(168)2 527(334)1 531(1015)0 576(397)1 604(533)3 681(533)2 707(299)2 739(683)1 742(515)1 743(882)0 750(168)0 753(643)3 766(950)2 785(10)1 800(346)1 810(878)1 812(259)2 860(475)2 868(168)2 904(749)1 932(805)0 954(950)0 961(608)6 977(683)1 979(435)2 1010(533)1 1020(10)1 1023(950)0
17: 24(739)2 47(75)4 58(1020)2 83(510)0 93(1023)0 99(810)1 139(766)1 167(510)1 291(531)1 320(235)0 329(785)3 377(954)1 392(810)0 408(422)1 421(681)1 440(800)0 453(479)0 459(75)1 463(954)3 468(103)0 480(742)1 518(117)1 523(75)1 563(422)2 587(62)5 613(103)1 615(800)2 717(510)4 762(954)0 772(531)1 779(604)0 791(527)1 817(531)1 855(766)4 881(103)7 912(531)1 923(785)1 999(750)2 1019(812)2
18: 78(817)0 86(523)3 108(167)1 160(24)0 165(817)2 241(563)2 257(518)0 319(291)0 373(772)0 390(392)5 403(421)0 416(377)2 432(58)0 476(329)0 486(24)4 490(762)2 500(24)0 511(392)1 537(167)4 549(421)0 591(291)2 598(453)2 607(99)0 612(440)1 621(167)0 729(817)1 736(167)1 767(923)0 789(1019)1 833(392)1 844(58)0 884(459)2 925(320)1 945(24)2 953(408)1 982(468)5
19: 1(416)2 106(490)0 148(925)1 158(833)3 164(241)4 250(925)1 265(319)4 308(729)2 315(373)2 332(549)3 365(403)1 371(476)2 381(621)1 406(767)1 430(241)1 439(621)1 447(736)0 472(945)0 520(607)0 545(165)0 623(844)1 705(925)0 731(257)2 764(945)0 770(160)2 783(925)0 806(767)1 879(241)0 896(108)1 909(729)5 940(511)1 992(416)0 1003(621)1
20: 41(731)3 51(315)1 70(770)1 152(1003)1 154(520)0 188(106)4 231(705)0 240(406)0 271(770)1 289(731)2 331(250)2 338(430)4 362(430)1 367(332)2 407(940)1 477(992)1 522(705)1 543(406)0 560(940)1 592(764)3 849(365)5 875(520)3 891(879)0 906(806)1 959(705)0 998(250)0
21: 13(998)5 16(271)1 96(959)0 162(959)3 295(522)0 340(560)8 395(906)1 579(998)0 585(362)2 601(231)0 614(959)5 651(70)1 652(477)1 670(543)1 706(906)1 781(152)4 832(959)2 869(362)1 883(906)0 895(338)4 907(998)0 931(152)2 951(543)2 975(152)2 1021(240)0
22: 45(975)6 71(832)0 170(579)1 264(395)1 313(579)1 336(395)2 337(601)1 410(781)1 426(706)9 457(13)8 503(907)1 535(601)1 662(951)3 668(832)2 718(585)0 727(585)2 734(1021)4 758(907)1 763(395)1 808(614)2 845(601)0 854(395)1 873(579)2 899(601)0 930(907)2 1007(395)1
23: 50(336)1 141(899)1 184(718)3 192(668)0 194(763)0 238(336)1 281(899)1 321(457)11 355(535)0 473(264)2 632(718)1 635(899)1 664(170)7 669(763)5 716(930)5 748(503)5 798(718)0 818(854)2 898(503)0 916(727)0 963(71)0 969(763)5 972(337)1 989(899)0
24: 11(972)2 27(635)1 69(798)3 206(192)1 221(989)0 378(635)0 385(184)3 402(184)6 455(632)2 462(972)0 482(192)3 566(281)1 586(194)0 594(50)0 657(989)1 699(669)4 708(473)0 751(281)4 858(194)0 935(818)2 990(473)2 993(972)0
25: 57(657)1 60(657)0 74(455)0 82(990)0 104(586)3 107(69)4 135(455)0 220(858)2 236(11)1 293(378)2 294(566)0 298(566)1 339(455)6 437(993)5 467(385)1 548(27)1 553(858)0 695(206)1 769(11)1 786(935)3 848(206)1 864(462)1 1008(990)1
26: 44(57)2 49(1008)2 65(848)2 105(236)0 166(298)1 233(298)1 327(553)2 414(220)1 429(220)3 499(60)1 542(769)1 617(294)2 624(220)4 674(135)1 694(57)1 732(769)1 784(294)0 837(82)1 863(864)1 889(82)0 920(864)0 973(553)1
27: 25(44)1 37(694)1 101(105)1 113(166)2 173(863)0 174(327)1 326(105)1 458(694)0 469(327)0 605(837)1 625(863)2 637(889)1 661(920)0 745(674)2 756(166)3 759(784)1 911(784)1 941(49)2 943(617)1 1017(65)1
28: 73(941)3 120(25)2 129(113)1 145(326)2 251(101)1 252(911)1 253(173)0 301(661)1 317(943)0 418(458)4 423(101)1 561(941)0 577(759)1 583(911)5 596(101)2 630(113)2 634(174)0 746(326)0 768(911)1 793(326)0 824(941)2
29: 36(252)0 39(630)3 68(577)4 119(301)0 132(423)1 187(596)3 202(252)2 217(824)2 229(251)1 232(252)1 244(129)3 344(634)2 374(120)1 394(768)0 492(793)2 502(746)2 574(73)2 603(73)1 642(630)0 702(577)1 709(793)2 787(596)2 825(423)2 861(577)0 902(73)1 983(418)2 1005(577)0
30: 53(119)0 102(229)1 122(39)0 126(1005)0 156(574)0 228(202)1 245(132)1 276(374)1 277(502)3 363(374)1 366(709)2 445(187)2 487(603)3 491(492)2 496(202)4 524(702)4 556(394)0 569(709)6 599(983)4 680(187)5 728(787)2 814(574)7 819(861)2 821(702)0 905(492)0 955(861)1 967(229)1 971(702)0 1001(68)0
31: 26(363)1 48(1001)4 56(967)0 121(819)0 136(276)0 151(971)0 172(102)3 186(821)0 195(819)0 223(955)0 249(156)3 270(967)1 273(496)0 275(363)3 305(1001)3 311(971)0 323(971)0 388(228)2 413(955)1 456(363)0 460(102)1 655(955)1 692(245)3 721(53)7 740(156)3 760(363)2 792(955)3 828(556)4 865(955)1 919(228)4 974(496)1 1022(102)0
32: 33(311)2 111(223)2 176(456)2 178(56)4 181(270)2 191(323)0 196(323)1 219(56)2 247(655)0 280(186)1 387(151)0 485(456)1 606(172)2 619(919)10 628(151)0 704(223)0 834(311)0 857(136)1 870(792)2 957(388)1 968(655)1 1006(195)1
33: 2(191)3 77(387)1 90(111)1 134(280)2 147(704)0 157(834)2 246(111)0 306(33)0 484(485)2 593(219)1 644(111)0 676(33)0 761(191)1 765(628)0 807(33)3 815(178)5 929(704)3 958(176)6 976(280)2 987(191)2
34: 23(644)0 61(761)1 95(765)2 125(246)4 130(765)3 131(807)1 169(77)3 179(593)3 239(147)2 248(676)5 258(644)10 262(761)3 379(90)11 393(147)2 442(761)1 495(484)1 528(929)4 559(593)1 610(306)1 697(987)0 724(644)1 725(676)0 737(593)2 836(676)2 874(593)0 926(306)0 936(157)2 962(676)4 988(306)3 1011(987)1 1018(676)1
35: 20(442)0 35(442)1 64(179)4 116(1011)3 118(724)1 224(125)2 234(262)2 242(1011)2 279(239)2 358(95)2 364(125)6 396(130)4 494(725)1 509(239)0 530(1018)2 584(1011)0 588(125)3 771(95)3 778(1011)5 790(836)0 797(936)0 813(125)0 853(1011)2 893(169)4 900(1018)1 921(23)1 948(495)1 970(559)1 1000(130)2
36: 7(224)0 40(790)4 43(20)0 91(358)5 153(584)0 256(584)2 278(900)0 285(509)0 314(797)2 348(242)2 369(948)2 380(279)1 383(1000)4 540(921)0 611(35)2 616(790)0 620(584)3 626(118)0 714(279)0 722(921)1 735(118)1 775(279)0 788(970)4 838(35)0 872(116)3 966(494)0
37: 12(616)2 55(735)2 79(838)0 97(966)0 98(314)2 114(256)1 197(626)7 200(369)1 255(314)1 284(256)0 328(314)4 333(714)1 342(285)1 353(380)3 481(153)1 525(91)3 555(348)1 567(722)1 633(775)0 667(43)3 799(7)1 829(616)3 850(838)0 887(348)1 892(285)1 944(722)0 965(626)0
38: 85(342)0 89(353)0 123(567)2 140(98)4 226(55)1 243(79)2 254(55)3 261(892)0 398(98)3 434(200)3 539(353)1 581(197)7 622(829)2 627(850)2 650(255)0 685(965)2 686(255)0 738(555)0 747(555)2 752(97)1 842(12)3 910(850)1 952(12)0 1002(892)1
39: 128(910)1 216(910)1 237(686)1 286(123)2 312(622)4 359(1002)2 438(243)1 568(1002)0 609(952)4 640(261)0 713(1002)1 723(254)1 726(622)7 782(1002)2 917(627)2 924(842)2 980(85)0 986(434)0 1004(1002)1
40: 15(568)3 109(216)3 203(917)0 211(568)4 222(359)0 322(128)1 470(723)4 471(237)1 508(713)0 564(713)3 578(237)3 645(782)3 700(1004)1 715(216)1 835(128)3 843(917)1 856(917)2 877(1004)1 901(980)2 981(359)3
41: 31(564)3 67(109)1 269(203)2 354(222)3 399(322)8 409(322)0 506(203)1 552(322)1 558(981)0 573(222)5 582(901)5 602(203)2 618(901)4 658(322)0 663(471)1 677(715)0 804(471)4 894(222)0 914(715)0 991(877)0
42: 6(552)2 9(663)1 54(506)3 159(894)4 218(552)2 343(914)2 351(894)5 376(552)1 488(67)6 711(31)3 794(506)2 880(894)1 897(677)1 918(658)4 964(552)0
43: 30(376)0 84(54)0 185(964)2 589(54)4 595(343)1 631(794)2 649(794)4 693(218)3 730(964)1 831(54)8 927(964)1 938(9)1
44: 32(927)4 46(631)2 665(185)1 671(631)4 802(730)1 847(693)0 862(631)0 939(84)2
45: 81(939)5 304(862)5 532(671)3 852(939)2
46: 811(532)3
47: 137(811)0 352(811)2
48: 504(352)1
49: 411(504)5
weight: 1649
