0: 493
1: 50(493)9 106(493)2 391(493)6 491(493)1
2: 243(50)3 428(391)1
3: 23(428)1 349(428)1 492(428)1
4: 284(23)5 438(23)5
5: 287(438)3 323(284)4 375(438)4 401(438)1 475(438)4
6: 77(323)7 270(323)3 424(375)0
7: 122(270)1 127(270)2 282(270)3 348(270)7 504(424)4
8: 63(282)3 180(282)3 181(504)5 250(127)3 376(282)2 427(127)3 469(122)0
9: 17(250)4 24(63)0 30(250)5 51(63)4 75(250)3 218(427)7 303(180)0 358(63)2 395(250)1 411(469)3 440(427)1
10: 5(17)3 208(411)0 253(358)1 258(24)2 316(75)3 341(24)1 351(358)4 388(395)6 398(411)12 416(17)7 494(440)6 498(17)1
11: 13(208)0 49(258)4 76(258)5 86(208)11 136(253)7 174(494)10 182(5)0 293(316)4 299(5)4 301(494)3 305(498)2 335(388)6 345(258)7 361(208)4 385(208)6 396(5)4
12: 54(182)1 68(299)0 128(385)4 196(396)0 235(301)1 259(293)3 276(361)6 281(345)7 294(305)9 334(49)2 369(396)2 372(361)4 383(76)1 384(299)7 394(305)1 455(182)3 471(293)5
13: 14(235)1 32(471)2 62(394)0 121(259)3 159(471)2 168(235)1 204(372)0 226(394)21 233(334)0 245(369)2 263(334)2 269(281)9 300(196)2 359(369)0 442(383)2 448(372)3 459(334)1 467(54)0 473(54)7 489(383)7 501(455)2
14: 7(204)13 11(263)3 19(473)13 79(245)4 107(459)6 132(501)0 171(159)5 175(14)1 193(233)5 256(359)15 261(204)4 272(501)1 277(501)7 290(448)0 306(467)2 307(501)0 317(32)0 350(448)4 371(459)5 379(233)4 402(467)1 436(121)4 441(359)1 481(233)10 507(62)0
15: 38(290)1 44(277)1 52(272)4 55(441)7 72(171)3 80(307)2 83(441)0 96(272)3 118(307)3 129(171)1 172(11)7 186(11)8 195(402)1 224(306)4 246(171)3 262(507)6 302(11)3 354(507)1 414(272)0 420(306)4 421(171)3 487(272)3
16: 58(302)4 59(420)0 101(118)4 116(44)3 124(118)1 154(44)7 205(487)4 214(414)1 237(302)4 255(354)0 267(72)4 304(72)8 315(420)1 324(44)3 326(262)1 331(172)5 344(52)0 363(52)2 377(96)3 389(83)1 390(83)5 422(186)4 432(487)5 435(44)6 446(354)3 484(96)0 499(246)9
17: 9(101)5 20(363)0 21(432)3 33(237)16 36(255)0 70(58)2 78(58)2 91(315)3 104(101)3 105(315)5 108(59)3 120(124)7 131(214)3 138(344)5 165(435)7 210(446)3 265(363)0 271(124)1 273(484)5 274(390)4 319(101)1 321(446)5 322(390)5 332(484)4 352(389)0 355(267)2 409(446)4 423(389)1 452(344)4 458(101)3 463(267)1 464(255)3 470(331)0 472(101)0
18: 1(409)2 15(271)4 37(21)6 41(452)3 53(265)7 56(104)1 57(464)3 64(472)4 67(321)3 71(20)0 73(409)0 82(210)8 109(9)8 110(274)0 113(70)6 114(464)2 115(108)3 117(131)0 126(131)1 144(452)12 149(138)2 153(9)2 158(20)5 176(409)5 183(131)0 190(321)0 238(321)5 260(165)8 280(105)4 288(322)0 296(458)1 297(138)8 308(273)1 318(464)7 356(120)5 357(271)3 368(319)4 437(210)2 449(265)4 460(409)4 468(319)2 477(265)2 495(36)3 496(20)3 500(355)4 511(458)4
19: 18(357)9 35(308)4 74(357)2 92(114)2 99(56)0 123(113)3 134(109)10 148(238)6 150(115)6 151(114)0 156(368)1 170(15)4 179(149)4 187(73)3 188(297)4 194(115)0 198(496)7 206(41)2 222(153)4 223(500)9 230(176)9 247(368)11 249(511)4 251(460)1 275(296)8 283(357)2 311(495)5 343(64)9 364(114)1 365(500)4 367(153)7 370(477)2 408(126)3 417(183)4 418(71)0 425(110)4 426(109)9 431(368)14 434(57)5 439(41)3 453(153)13 462(64)4 483(288)8 486(260)3 490(477)0 503(56)3
20: 2(148)5 6(408)6 12(483)13 22(462)3 40(343)5 43(187)1 46(343)9 47(311)5 66(194)3 93(439)1 95(18)8 119(490)11 139(483)3 142(462)15 145(151)3 146(92)6 152(194)4 155(434)4 177(365)5 189(151)0 201(275)2 213(92)6 215(187)7 220(431)18 221(425)9 241(222)1 252(148)9 266(367)9 278(151)4 289(148)4 313(408)4 328(222)8 330(408)0 342(222)5 347(251)3 399(188)7 400(365)7 413(92)6 415(230)2 445(198)1 454(251)3 457(343)8 508(99)0 510(408)0
21: 25(510)1 61(454)2 87(46)12 88(221)6 94(508)3 98(43)13 102(201)5 111(313)4 112(266)9 140(347)2 141(6)9 162(155)6 200(177)0 227(47)10 228(12)13 231(43)1 236(510)4 248(415)8 291(145)2 337(454)0 366(313)0 386(241)6 443(47)0 456(152)2 465(266)6 476(6)11 479(145)0 480(313)1 482(241)3 488(95)4 506(215)5
22: 31(479)5 42(236)6 65(61)1 81(366)1 90(231)1 125(456)2 130(25)12 133(465)8 137(200)3 160(236)3 185(61)4 209(443)1 229(482)9 234(506)8 242(506)8 244(231)5 279(479)3 286(248)11 292(102)5 295(140)8 333(141)6 360(200)4 378(94)2 405(479)3 410(443)5 430(162)12
23: 3(81)8 48(209)4 163(90)0 167(130)1 192(244)0 285(378)0 298(31)1 346(405)3 362(185)7 381(209)3 412(42)1 419(137)1 433(360)7 444(279)2 497(360)9
24: 10(412)10 85(444)2 103(381)2 184(48)4 191(192)5 212(444)5 219(419)9 314(381)4 329(285)4 338(346)2 451(48)4 466(346)3 485(48)0
25: 27(85)0 45(10)7 69(85)1 89(184)8 97(329)3 135(184)0 178(338)9 202(85)8 203(184)8 211(314)6 327(103)7 339(103)1 382(10)18 387(451)3 429(329)2
26: 16(27)2 26(135)4 28(97)3 84(69)5 143(97)0 240(387)6 309(97)5 310(203)10 312(27)6 374(97)3 397(327)6 403(69)8 450(327)0 505(387)7
27: 0(450)5 39(28)3 147(84)8 161(84)3 173(84)2 239(309)5 257(312)6 393(28)12 407(309)6 461(374)1
28: 34(461)3 254(173)0 353(239)7 380(161)0 392(407)7 478(161)5 509(173)4
29: 207(478)2 217(509)8 325(380)0
30: 8(207)5 169(207)4 268(325)4 340(207)2
31: 164(169)10 373(8)1 404(268)0 406(169)5 447(340)4
32: 4(406)4 166(404)6 232(447)7 320(447)6 336(373)7
33: 60(4)4 474(4)1 502(166)2
34: 29(474)12 199(474)4 264(60)7
35: 100(199)8 225(264)0
36: 197(225)7 216(100)0
37: 157(216)13
weight: 2098
