0: 11
1: 12(11)23 16(11)20
2: 9(12)64 27(16)34
3: 6(9)42
4: 0(6)23 15(6)28 23(6)1
5: 3(23)30 7(23)4 19(15)47 20(15)26
6: 14(20)25 29(3)4
7: 2(29)27 8(14)32 10(14)8 17(29)71 21(29)23 22(14)41
8: 4(8)26 5(8)26 13(17)45 26(8)37 30(2)22
9: 1(4)8 18(5)0 24(4)4 25(5)17 28(26)11
10: 31(24)3
weight: 772
