0: 1
1: 0(1)41 11(1)27
2: 5(0)93 10(11)52 14(11)269
3: 4(10)83 9(5)70
4: 3(9)117
5: 6(3)10 13(3)127
6: 7(6)90 8(6)401 12(6)40
7: 2(7)124 15(12)24
weight: 1568
