0: 3
1: 0(3)382 4(3)435
2: 5(0)69
3: 2(5)287 7(5)130
weight: 1303
